{
	y < 2 ; 
	x = 3 * 2 + 7 ; 
	z = 3 < 1 + 7 * 2 ; 
	{
		y = 2 == 5 ;
		z = 1 + 3 + ( 5 - 7 )
	}
}